[CpuDevice(id=0)]cpu